
> tinderx@0.1.0 build
> next build

node.exe :  ÔÜá Warning: Next.js inferred your workspace 
root, but it may not be correct.
At C:\Program Files\nodejs\npm.ps1:29 char:3
+   & $NODE_EXE $NPM_CLI_JS $args
+   ~~~~~~~~~~~~~~~~~~~~~~~~~~~~~
    + CategoryInfo          : NotSpecified: ( ÔÜá Warnin    
g: N...not be correct.:String) [], RemoteException
    + FullyQualifiedErrorId : NativeCommandError
 
 We detected multiple lockfiles and selected the directory 
of C:\Users\nerod\package-lock.json as the root directory.
 To silence this warning, set `turbopack.root` in your 
Next.js config, or consider removing one of the lockfiles 
if it's not needed.
   See https://nextjs.org/docs/app/api-reference/config/next
-config-js/turbopack#root-directory for more information.
 Detected additional lockfiles: 
   * 
C:\Users\nerod\OneDrive\Desktop\tinderx\package-lock.json

   Ôû▓ Next.js 16.0.7 (Turbopack)

   Creating an optimized production build ...
Error: Cannot apply unknown utility class 
`drop-shadow-[0_0_10px_rgba(255,`
    [2m[at onInvalidCandidate (C:\Users\nerod\OneDrive\Desk
top\tinderx\node_modules\tailwindcss\dist\lib.js:21:1511)][
0m
    [2m[at Te (C:\Users\nerod\OneDrive\Desktop\tinderx\node
_modules\tailwindcss\dist\lib.js:16:36038)][0m
    [2m[at C:\Users\nerod\OneDrive\Desktop\tinderx\node_mod
ules\tailwindcss\dist\lib.js:21:355][0m
    [2m[at Tr (C:\Users\nerod\OneDrive\Desktop\tinderx\node
_modules\tailwindcss\dist\lib.js:3:1718)][0m
    [2m[at _ (C:\Users\nerod\OneDrive\Desktop\tinderx\node_
modules\tailwindcss\dist\lib.js:3:1377)][0m
    [2m[at Se (C:\Users\nerod\OneDrive\Desktop\tinderx\node
_modules\tailwindcss\dist\lib.js:21:172)][0m
    [2m[at ln (C:\Users\nerod\OneDrive\Desktop\tinderx\node
_modules\tailwindcss\dist\lib.js:38:294)][0m
    [2m[at async sn (C:\Users\nerod\OneDrive\Desktop\tinder
x\node_modules\tailwindcss\dist\lib.js:38:631)][0m
    [2m[at async Qr (C:\Users\nerod\OneDrive\Desktop\tinder
x\node_modules\@tailwindcss\node\dist\index.js:10:3385)][0m
    [2m[at async I (C:\Users\nerod\OneDrive\Desktop\tinderx
\node_modules\@tailwindcss\postcss\dist\index.js:10:3978)][
0m

> Build error occurred
Error: Turbopack build failed with 1 errors:
./OneDrive/Desktop/tinderx/app/globals.css
Error evaluating Node.js code
CssSyntaxError: tailwindcss: C:\Users\nerod\OneDrive\Desktop
\tinderx\app\globals.css:1:1: Cannot apply unknown utility 
class `drop-shadow-[0_0_10px_rgba(255,`
    at Input.error (OneDrive/Desktop/tinderx/node_modules/po
stcss/lib/input.js:135:16) [C:\Users\nerod\OneDrive\Desktop\
tinderx\.next\build\chunks\d37e0_2d79ecf0._.js:4651:22]
    at Root.error (OneDrive/Desktop/tinderx/node_modules/pos
tcss/lib/node.js:146:32) [C:\Users\nerod\OneDrive\Desktop\ti
nderx\.next\build\chunks\d37e0_2d79ecf0._.js:928:38]
    [at Object.Once (C:\Users\nerod\OneDrive\Desktop\tinderx
\node_modules\@tailwindcss\postcss\dist\index.js:10:6912)]
    at async LazyResult.runAsync (OneDrive/Desktop/tinderx/n
ode_modules/postcss/lib/lazy-result.js:293:11) [C:\Users\ner
od\OneDrive\Desktop\tinderx\.next\build\chunks\d37e0_2d79ecf
0._.js:6206:21]
    at async transform 
(turbopack:///[turbopack-node]/transforms/postcss.ts:70:34) 
[C:\Users\nerod\OneDrive\Desktop\tinderx\.next\build\chunks\
[root-of-the-server]__13b18042._.js:146:36]
    at async run 
(turbopack:///[turbopack-node]/ipc/evaluate.ts:92:23) [C:\Us
ers\nerod\OneDrive\Desktop\tinderx\.next\build\chunks\[root-
of-the-server]__fb6cec15._.js:443:31]

Import trace:
  Client Component Browser:
    ./OneDrive/Desktop/tinderx/app/globals.css [Client 
Component Browser]
    ./OneDrive/Desktop/tinderx/app/layout.tsx [Server 
Component]


    at async transform 
(turbopack:///[turbopack-node]/transforms/postcss.ts:70:34) 
[C:\Users\nerod\OneDrive\Desktop\tinderx\.next\build\chunks\
[root-of-the-server]__13b18042._.js:146:36])
    at async run 
(turbopack:///[turbopack-node]/ipc/evaluate.ts:92:23) [C:\Us
ers\nerod\OneDrive\Desktop\tinderx\.next\build\chunks\[root-
of-the-server]__fb6cec15._.js:443:31])
